
> HRMS Backend@0.0.1 build
> nest build

node.exe : [96msrc/task/task.service.ts[0m:[93
m130[0m:[93m106[0m - [91merror[0m[90m 
TS2820: [0mType '"PENDING"' is not assignable 
to type 'TaskStatus | 
EnumTaskStatusFilter<"Task"> | undefined'. Did 
you mean '"Pending"'?
At 
C:\Users\Gaurav\AppData\Roaming\npm\npm.ps1:24 
char:5
+     & "node$exe"  
"$basedir/node_modules/npm/bin/npm-cli.js" $args
+     ~~~~~~~~~~~~~~~~~~~~~~~~~~~~~~~~~~~~~~~~~~~
~~~~~~~~~~~~~~~~~~~
    + CategoryInfo          : NotSpecified: ([9 
   6msrc/task/t...an '"Pending"'?:String) [], R  
  emoteException
    + FullyQualifiedErrorId : NativeCommandError
 

[7m130[0m                 if 
('pending'.includes(searchLower) && 
searchLower.length >= 3) 
fieldOrConditions.push({ taskStatus: 'PENDING' 
});
[7m   [0m [91m                                
                                                 
                        ~~~~~~~~~~[0m

  [96mnode_modules/.prisma/client/index.d.ts[0m
:[93m24178[0m:[93m5[0m
    [7m24178[0m     taskStatus?: 
EnumTaskStatusFilter<"Task"> | $Enums.TaskStatus
    [7m     [0m [96m    ~~~~~~~~~~[0m
    The expected type comes from property 
'taskStatus' which is declared here on type 
'TaskWhereInput'
[96msrc/task/task.service.ts[0m:[93m131[0m:[
93m106[0m - [91merror[0m[90m TS2820: 
[0mType '"SUCCESS"' is not assignable to type 
'TaskStatus | EnumTaskStatusFilter<"Task"> | 
undefined'. Did you mean '"Success"'?

[7m131[0m                 if 
('success'.includes(searchLower) && 
searchLower.length >= 3) 
fieldOrConditions.push({ taskStatus: 'SUCCESS' 
});
[7m   [0m [91m                                
                                                 
                        ~~~~~~~~~~[0m

  [96mnode_modules/.prisma/client/index.d.ts[0m
:[93m24178[0m:[93m5[0m
    [7m24178[0m     taskStatus?: 
EnumTaskStatusFilter<"Task"> | $Enums.TaskStatus
    [7m     [0m [96m    ~~~~~~~~~~[0m
    The expected type comes from property 
'taskStatus' which is declared here on type 
'TaskWhereInput'
[96msrc/task/task.service.ts[0m:[93m132[0m:[
93m106[0m - [91merror[0m[90m TS2820: 
[0mType '"WORKING"' is not assignable to type 
'TaskStatus | EnumTaskStatusFilter<"Task"> | 
undefined'. Did you mean '"Working"'?

[7m132[0m                 if 
('working'.includes(searchLower) && 
searchLower.length >= 3) 
fieldOrConditions.push({ taskStatus: 'WORKING' 
});
[7m   [0m [91m                                
                                                 
                        ~~~~~~~~~~[0m

  [96mnode_modules/.prisma/client/index.d.ts[0m
:[93m24178[0m:[93m5[0m
    [7m24178[0m     taskStatus?: 
EnumTaskStatusFilter<"Task"> | $Enums.TaskStatus
    [7m     [0m [96m    ~~~~~~~~~~[0m
    The expected type comes from property 
'taskStatus' which is declared here on type 
'TaskWhereInput'
[96msrc/task/task.service.ts[0m:[93m133[0m:[
93m105[0m - [91merror[0m[90m TS2820: 
[0mType '"REVIEW"' is not assignable to type 
'TaskStatus | EnumTaskStatusFilter<"Task"> | 
undefined'. Did you mean '"Review"'?

[7m133[0m                 if 
('review'.includes(searchLower) && 
searchLower.length >= 3) 
fieldOrConditions.push({ taskStatus: 'REVIEW' });
[7m   [0m [91m                                
                                                 
                       ~~~~~~~~~~[0m

  [96mnode_modules/.prisma/client/index.d.ts[0m
:[93m24178[0m:[93m5[0m
    [7m24178[0m     taskStatus?: 
EnumTaskStatusFilter<"Task"> | $Enums.TaskStatus
    [7m     [0m [96m    ~~~~~~~~~~[0m
    The expected type comes from property 
'taskStatus' which is declared here on type 
'TaskWhereInput'
[96msrc/task/task.service.ts[0m:[93m134[0m:[
93m103[0m - [91merror[0m[90m TS2820: 
[0mType '"HOLD"' is not assignable to type 
'TaskStatus | EnumTaskStatusFilter<"Task"> | 
undefined'. Did you mean '"Hold"'?

[7m134[0m                 if 
('hold'.includes(searchLower) && 
searchLower.length >= 3) 
fieldOrConditions.push({ taskStatus: 'HOLD' });
[7m   [0m [91m                                
                                                 
                     ~~~~~~~~~~[0m

  [96mnode_modules/.prisma/client/index.d.ts[0m
:[93m24178[0m:[93m5[0m
    [7m24178[0m     taskStatus?: 
EnumTaskStatusFilter<"Task"> | $Enums.TaskStatus
    [7m     [0m [96m    ~~~~~~~~~~[0m
    The expected type comes from property 
'taskStatus' which is declared here on type 
'TaskWhereInput'

Found 5 error(s).

